<html>
<body>
<pre>
<h1>µVision Build Log</h1>
<h2>Tool Versions:</h2>
IDE-Version: µVision V5.36.0.0
Copyright (C) 2021 ARM Ltd and ARM Germany GmbH. All rights reserved.
License Information: Min Liu, ini, LIC=----
 
Tool Versions:
Toolchain:       MDK-Lite  Version: 5.36.0.0
Toolchain Path:  d:\Keil_v5\ARM\ARMCC\Bin
C Compiler:      Armcc.exe V5.06 update 7 (build 960)
Assembler:       Armasm.exe V5.06 update 7 (build 960)
Linker/Locator:  ArmLink.exe V5.06 update 7 (build 960)
Library Manager: ArmAr.exe V5.06 update 7 (build 960)
Hex Converter:   FromElf.exe V5.06 update 7 (build 960)
CPU DLL:         SARMCM3.DLL V5.36.0.0
Dialog DLL:      DARMCM1.DLL V1.19.4.0
Target DLL:      Segger\JL2CM3.dll V2.99.40.0
Dialog DLL:      TARMCM1.DLL V1.14.4.0
 
<h2>Project:</h2>
E:\github_prjs\wecare_prjs\SDK_6.0.16.1144\DA145xx_SDK\6.0.16.1144\projects\target_apps\ble_examples\ble_app_profile\Keil_5\ble_app_profile.uvprojx
Project File Date:  11/30/2021

<h2>Output:</h2>
*** Using Compiler 'V5.06 update 7 (build 960)', folder: 'd:\Keil_v5\ARM\ARMCC\Bin'
Build target 'DA14531'
compiling nmi_handler.c...
compiling system_DA14531.c...
compiling hardfault_handler.c...
compiling nvds.c...
compiling arch_console.c...
compiling jump_table.c...
compiling arch_sleep.c...
compiling arch_system.c...
compiling arch_hibernation.c...
compiling arch_rom.c...
compiling chacha20.c...
compiling hash.c...
compiling arch_main.c...
compiling otp_hdr.c...
compiling otp_cs.c...
compiling syscntl.c...
compiling wkupct_quadec.c...
compiling gpio.c...
compiling battery.c...
compiling adc_531.c...
compiling spi_531.c...
compiling spi_flash.c...
compiling i2c.c...
compiling i2c_eeprom.c...
compiling uart.c...
compiling trng.c...
compiling dma.c...
compiling hw_otpc_531.c...
compiling uart_utils.c...
compiling rwip.c...
compiling rf_585.c...
compiling rwble.c...
compiling rf_531.c...
compiling prf_utils.c...
compiling ble_arp.c...
compiling custs1.c...
compiling custs1_task.c...
compiling custom_common.c...
compiling diss.c...
compiling diss_task.c...
compiling attm_db_128.c...
compiling prf.c...
compiling app_default_handlers.c...
compiling app_task.c...
compiling app.c...
compiling app_security.c...
compiling app_security_task.c...
compiling app_bass.c...
compiling app_bass_task.c...
compiling app_findme.c...
compiling app_findme_task.c...
compiling app_proxr.c...
compiling app_proxr_task.c...
compiling app_diss.c...
compiling app_diss_task.c...
compiling app_suotar.c...
compiling app_suotar_task.c...
compiling app_entry_point.c...
..\..\..\..\..\sdk\app_modules\src\app_entry\app_entry_point.c(295): warning:  #177-D: variable "tmp"  was declared but never referenced
          int tmp = 0;
..\..\..\..\..\sdk\app_modules\src\app_entry\app_entry_point.c: 1 warning, 0 errors
compiling app_msg_utils.c...
compiling app_easy_msg_utils.c...
compiling app_easy_timer.c...
compiling app_easy_security.c...
compiling app_customs.c...
compiling app_customs_task.c...
compiling app_customs_common.c...
compiling app_bond_db.c...
compiling app_utils.c...
compiling app_easy_whitelist.c...
compiling user_custs_config.c...
compiling user_custs1_def.c...
compiling user_periph_setup.c...
compiling user_profile.c...
linking...
Program Size: Code=17820 RO-data=3056 RW-data=12 ZI-data=6852  
FromELF: creating hex file...
After Build - User command #1: fromelf --bincombined --output=".\out_DA14531\Objects\ble_app_profile_531.bin"  ".\out_DA14531\Objects\ble_app_profile_531.axf"
".\out_DA14531\Objects\ble_app_profile_531.axf" - 0 Error(s), 1 Warning(s).

<h2>Software Packages used:</h2>

Package Vendor: ARM
                http://www.keil.com/pack/ARM.CMSIS.5.8.0.pack
                ARM.CMSIS.5.8.0
                CMSIS (Common Microcontroller Software Interface Standard)

<h2>Collection of Component include folders:</h2>
  d:\Keil_v5\Packs\ARM\CMSIS\5.8.0\Device\ARM\ARMCM0plus\Include

<h2>Collection of Component Files used:</h2>
Build Time Elapsed:  00:00:38
</pre>
</body>
</html>
