11:09:57 **** Incremental Build of configuration Debug for project test_spi_app_1 ****
make pre-build main-build 
a9-linaro-pre-build-step
' '
make: Nothing to be done for `main-build'.
11:10:06 **** Auto Build of configuration Debug for project test_spi_app_1 ****
make pre-build main-build 
a9-linaro-pre-build-step
' '
'Building file: ../src/helloworld.c'
'Invoking: ARM v7 gcc compiler'
arm-none-eabi-gcc -Wall -O0 -g3 -c -fmessage-length=0 -MT"src/helloworld.o" -mcpu=cortex-a9 -mfpu=vfpv3 -mfloat-abi=hard -I../../test_spi_app_1_bsp/ps7_cortexa9_0/include -MMD -MP -MF"src/helloworld.d" -MT"src/helloworld.o" -o "src/helloworld.o" "../src/helloworld.c"
../src/helloworld.c: In function 'SpiPsSlavePolledExample':
../src/helloworld.c:170:6: warning: unused variable 'BufferPtr' [-Wunused-variable]
  u8 *BufferPtr;
      ^~~~~~~~~
'Finished building: ../src/helloworld.c'
' '
'Building target: test_spi_app_1.elf'
'Invoking: ARM v7 gcc linker'
arm-none-eabi-gcc -mcpu=cortex-a9 -mfpu=vfpv3 -mfloat-abi=hard -Wl,-build-id=none -specs=Xilinx.spec -Wl,-T -Wl,../src/lscript.ld -L../../test_spi_app_1_bsp/ps7_cortexa9_0/lib -o "test_spi_app_1.elf"  ./src/helloworld.o ./src/platform.o   -Wl,--start-group,-lxil,-lgcc,-lc,--end-group
'Finished building target: test_spi_app_1.elf'
' '
'Invoking: ARM v7 Print Size'
arm-none-eabi-size test_spi_app_1.elf  |tee "test_spi_app_1.elf.size"
   text	   data	    bss	    dec	    hex	filename
  27868	   1160	  22888	  51916	   cacc	test_spi_app_1.elf
'Finished building: test_spi_app_1.elf.size'
' '
11:10:21 **** Incremental Build of configuration Debug for project test_spi_app_1 ****
make pre-build main-build 
a9-linaro-pre-build-step
' '
make: Nothing to be done for `main-build'.
11:11:25 **** Auto Build of configuration Debug for project test_spi_app_1 ****
make pre-build main-build 
a9-linaro-pre-build-step
' '
'Building file: ../src/helloworld.c'
'Invoking: ARM v7 gcc compiler'
arm-none-eabi-gcc -Wall -O0 -g3 -c -fmessage-length=0 -MT"src/helloworld.o" -mcpu=cortex-a9 -mfpu=vfpv3 -mfloat-abi=hard -I../../test_spi_app_1_bsp/ps7_cortexa9_0/include -MMD -MP -MF"src/helloworld.d" -MT"src/helloworld.o" -o "src/helloworld.o" "../src/helloworld.c"
../src/helloworld.c: In function 'SpiPsSlavePolledExample':
../src/helloworld.c:170:6: warning: unused variable 'BufferPtr' [-Wunused-variable]
  u8 *BufferPtr;
      ^~~~~~~~~
'Finished building: ../src/helloworld.c'
' '
'Building target: test_spi_app_1.elf'
'Invoking: ARM v7 gcc linker'
arm-none-eabi-gcc -mcpu=cortex-a9 -mfpu=vfpv3 -mfloat-abi=hard -Wl,-build-id=none -specs=Xilinx.spec -Wl,-T -Wl,../src/lscript.ld -L../../test_spi_app_1_bsp/ps7_cortexa9_0/lib -o "test_spi_app_1.elf"  ./src/helloworld.o ./src/platform.o   -Wl,--start-group,-lxil,-lgcc,-lc,--end-group
'Finished building target: test_spi_app_1.elf'
' '
'Invoking: ARM v7 Print Size'
arm-none-eabi-size test_spi_app_1.elf  |tee "test_spi_app_1.elf.size"
   text	   data	    bss	    dec	    hex	filename
  27784	   1160	  22888	  51832	   ca78	test_spi_app_1.elf
'Finished building: test_spi_app_1.elf.size'
' '
11:11:51 **** Incremental Build of configuration Debug for project test_spi_app_1 ****
make pre-build main-build 
a9-linaro-pre-build-step
' '
make: Nothing to be done for `main-build'.
11:12:45 **** Incremental Build of configuration Debug for project test_spi_app_1 ****
make pre-build main-build 
a9-linaro-pre-build-step
' '
make: Nothing to be done for `main-build'.
11:14:04 **** Incremental Build of configuration Debug for project test_spi_app_1 ****
make pre-build main-build 
a9-linaro-pre-build-step
' '
make: Nothing to be done for `main-build'.
11:14:42 **** Incremental Build of configuration Debug for project test_spi_app_1 ****
make pre-build main-build 
a9-linaro-pre-build-step
' '
make: Nothing to be done for `main-build'.
11:15:05 **** Incremental Build of configuration Debug for project test_spi_app_1 ****
make pre-build main-build 
a9-linaro-pre-build-step
' '
make: Nothing to be done for `main-build'.
11:16:03 **** Incremental Build of configuration Debug for project test_spi_app_1 ****
make pre-build main-build 
a9-linaro-pre-build-step
' '
make: Nothing to be done for `main-build'.
11:17:48 **** Incremental Build of configuration Debug for project test_spi_app_1 ****
make pre-build main-build 
a9-linaro-pre-build-step
' '
make: Nothing to be done for `main-build'.
11:18:29 **** Incremental Build of configuration Debug for project test_spi_app_1 ****
make pre-build main-build 
a9-linaro-pre-build-step
' '
make: Nothing to be done for `main-build'.
11:19:07 **** Incremental Build of configuration Debug for project test_spi_app_1 ****
make pre-build main-build 
a9-linaro-pre-build-step
' '
make: Nothing to be done for `main-build'.
11:19:22 **** Incremental Build of configuration Debug for project test_spi_app_1 ****
make pre-build main-build 
a9-linaro-pre-build-step
' '
make: Nothing to be done for `main-build'.
11:19:26 **** Incremental Build of configuration Debug for project test_spi_app_1 ****
make pre-build main-build 
a9-linaro-pre-build-step
' '
make: Nothing to be done for `main-build'.
11:19:46 **** Incremental Build of configuration Debug for project test_spi_app_1 ****
make pre-build main-build 
a9-linaro-pre-build-step
' '
make: Nothing to be done for `main-build'.
11:20:29 **** Incremental Build of configuration Debug for project test_spi_app_1 ****
make pre-build main-build 
a9-linaro-pre-build-step
' '
make: Nothing to be done for `main-build'.
11:23:34 **** Auto Build of configuration Debug for project test_spi_app_1 ****
make pre-build main-build 
a9-linaro-pre-build-step
' '
'Building file: ../src/helloworld.c'
'Invoking: ARM v7 gcc compiler'
arm-none-eabi-gcc -Wall -O0 -g3 -c -fmessage-length=0 -MT"src/helloworld.o" -mcpu=cortex-a9 -mfpu=vfpv3 -mfloat-abi=hard -I../../test_spi_app_1_bsp/ps7_cortexa9_0/include -MMD -MP -MF"src/helloworld.d" -MT"src/helloworld.o" -o "src/helloworld.o" "../src/helloworld.c"
../src/helloworld.c: In function 'SpiPsSlavePolledExample':
../src/helloworld.c:227:13: warning: suggest parentheses around comparison in operand of '&' [-Wparentheses]
   if (Count & 0x1F == 0x1F) xil_printf("\r\n");
             ^
../src/helloworld.c:170:6: warning: unused variable 'BufferPtr' [-Wunused-variable]
  u8 *BufferPtr;
      ^~~~~~~~~
'Finished building: ../src/helloworld.c'
' '
'Building target: test_spi_app_1.elf'
'Invoking: ARM v7 gcc linker'
arm-none-eabi-gcc -mcpu=cortex-a9 -mfpu=vfpv3 -mfloat-abi=hard -Wl,-build-id=none -specs=Xilinx.spec -Wl,-T -Wl,../src/lscript.ld -L../../test_spi_app_1_bsp/ps7_cortexa9_0/lib -o "test_spi_app_1.elf"  ./src/helloworld.o ./src/platform.o   -Wl,--start-group,-lxil,-lgcc,-lc,--end-group
'Finished building target: test_spi_app_1.elf'
' '
'Invoking: ARM v7 Print Size'
arm-none-eabi-size test_spi_app_1.elf  |tee "test_spi_app_1.elf.size"
   text	   data	    bss	    dec	    hex	filename
  27848	   1160	  22888	  51896	   cab8	test_spi_app_1.elf
'Finished building: test_spi_app_1.elf.size'
' '
11:27:19 **** Auto Build of configuration Debug for project test_spi_app_1 ****
make pre-build main-build 
a9-linaro-pre-build-step
' '
'Building file: ../src/helloworld.c'
'Invoking: ARM v7 gcc compiler'
arm-none-eabi-gcc -Wall -O0 -g3 -c -fmessage-length=0 -MT"src/helloworld.o" -mcpu=cortex-a9 -mfpu=vfpv3 -mfloat-abi=hard -I../../test_spi_app_1_bsp/ps7_cortexa9_0/include -MMD -MP -MF"src/helloworld.d" -MT"src/helloworld.o" -o "src/helloworld.o" "../src/helloworld.c"
../src/helloworld.c: In function 'SpiPsSlavePolledExample':
../src/helloworld.c:227:13: warning: suggest parentheses around comparison in operand of '&' [-Wparentheses]
   if (Count & 0x1F == 0x1F) xil_printf("\r\n");
             ^
../src/helloworld.c:170:6: warning: unused variable 'BufferPtr' [-Wunused-variable]
  u8 *BufferPtr;
      ^~~~~~~~~
'Finished building: ../src/helloworld.c'
' '
'Building target: test_spi_app_1.elf'
'Invoking: ARM v7 gcc linker'
arm-none-eabi-gcc -mcpu=cortex-a9 -mfpu=vfpv3 -mfloat-abi=hard -Wl,-build-id=none -specs=Xilinx.spec -Wl,-T -Wl,../src/lscript.ld -L../../test_spi_app_1_bsp/ps7_cortexa9_0/lib -o "test_spi_app_1.elf"  ./src/helloworld.o ./src/platform.o   -Wl,--start-group,-lxil,-lgcc,-lc,--end-group
'Finished building target: test_spi_app_1.elf'
' '
'Invoking: ARM v7 Print Size'
arm-none-eabi-size test_spi_app_1.elf  |tee "test_spi_app_1.elf.size"
   text	   data	    bss	    dec	    hex	filename
  27848	   1160	  22888	  51896	   cab8	test_spi_app_1.elf
'Finished building: test_spi_app_1.elf.size'
' '
11:27:44 **** Incremental Build of configuration Debug for project test_spi_app_1 ****
make pre-build main-build 
a9-linaro-pre-build-step
' '
make: Nothing to be done for `main-build'.
11:27:48 **** Incremental Build of configuration Debug for project test_spi_app_1 ****
make pre-build main-build 
a9-linaro-pre-build-step
' '
make: Nothing to be done for `main-build'.
11:28:09 **** Auto Build of configuration Debug for project test_spi_app_1 ****
make pre-build main-build 
a9-linaro-pre-build-step
' '
'Building file: ../src/helloworld.c'
'Invoking: ARM v7 gcc compiler'
arm-none-eabi-gcc -Wall -O0 -g3 -c -fmessage-length=0 -MT"src/helloworld.o" -mcpu=cortex-a9 -mfpu=vfpv3 -mfloat-abi=hard -I../../test_spi_app_1_bsp/ps7_cortexa9_0/include -MMD -MP -MF"src/helloworld.d" -MT"src/helloworld.o" -o "src/helloworld.o" "../src/helloworld.c"
../src/helloworld.c: In function 'SpiPsSlavePolledExample':
../src/helloworld.c:227:13: warning: suggest parentheses around comparison in operand of '&' [-Wparentheses]
   if (Count & 0x1F == 0x1F) xil_printf("\r\n");
             ^
../src/helloworld.c:170:6: warning: unused variable 'BufferPtr' [-Wunused-variable]
  u8 *BufferPtr;
      ^~~~~~~~~
'Finished building: ../src/helloworld.c'
' '
'Building target: test_spi_app_1.elf'
'Invoking: ARM v7 gcc linker'
arm-none-eabi-gcc -mcpu=cortex-a9 -mfpu=vfpv3 -mfloat-abi=hard -Wl,-build-id=none -specs=Xilinx.spec -Wl,-T -Wl,../src/lscript.ld -L../../test_spi_app_1_bsp/ps7_cortexa9_0/lib -o "test_spi_app_1.elf"  ./src/helloworld.o ./src/platform.o   -Wl,--start-group,-lxil,-lgcc,-lc,--end-group
'Finished building target: test_spi_app_1.elf'
' '
'Invoking: ARM v7 Print Size'
arm-none-eabi-size test_spi_app_1.elf  |tee "test_spi_app_1.elf.size"
   text	   data	    bss	    dec	    hex	filename
  27848	   1160	  22888	  51896	   cab8	test_spi_app_1.elf
'Finished building: test_spi_app_1.elf.size'
' '
11:28:22 **** Incremental Build of configuration Debug for project test_spi_app_1 ****
make pre-build main-build 
a9-linaro-pre-build-step
' '
make: Nothing to be done for `main-build'.
11:29:44 **** Auto Build of configuration Debug for project test_spi_app_1 ****
make pre-build main-build 
a9-linaro-pre-build-step
' '
'Building file: ../src/helloworld.c'
'Invoking: ARM v7 gcc compiler'
arm-none-eabi-gcc -Wall -O0 -g3 -c -fmessage-length=0 -MT"src/helloworld.o" -mcpu=cortex-a9 -mfpu=vfpv3 -mfloat-abi=hard -I../../test_spi_app_1_bsp/ps7_cortexa9_0/include -MMD -MP -MF"src/helloworld.d" -MT"src/helloworld.o" -o "src/helloworld.o" "../src/helloworld.c"
../src/helloworld.c: In function 'SpiPsSlavePolledExample':
../src/helloworld.c:170:6: warning: unused variable 'BufferPtr' [-Wunused-variable]
  u8 *BufferPtr;
      ^~~~~~~~~
'Finished building: ../src/helloworld.c'
' '
'Building target: test_spi_app_1.elf'
'Invoking: ARM v7 gcc linker'
arm-none-eabi-gcc -mcpu=cortex-a9 -mfpu=vfpv3 -mfloat-abi=hard -Wl,-build-id=none -specs=Xilinx.spec -Wl,-T -Wl,../src/lscript.ld -L../../test_spi_app_1_bsp/ps7_cortexa9_0/lib -o "test_spi_app_1.elf"  ./src/helloworld.o ./src/platform.o   -Wl,--start-group,-lxil,-lgcc,-lc,--end-group
'Finished building target: test_spi_app_1.elf'
' '
'Invoking: ARM v7 Print Size'
arm-none-eabi-size test_spi_app_1.elf  |tee "test_spi_app_1.elf.size"
   text	   data	    bss	    dec	    hex	filename
  27848	   1160	  22888	  51896	   cab8	test_spi_app_1.elf
'Finished building: test_spi_app_1.elf.size'
' '
11:29:56 **** Incremental Build of configuration Debug for project test_spi_app_1 ****
make pre-build main-build 
a9-linaro-pre-build-step
' '
make: Nothing to be done for `main-build'.
11:30:44 **** Auto Build of configuration Debug for project test_spi_app_1 ****
make pre-build main-build 
a9-linaro-pre-build-step
' '
'Building file: ../src/helloworld.c'
'Invoking: ARM v7 gcc compiler'
arm-none-eabi-gcc -Wall -O0 -g3 -c -fmessage-length=0 -MT"src/helloworld.o" -mcpu=cortex-a9 -mfpu=vfpv3 -mfloat-abi=hard -I../../test_spi_app_1_bsp/ps7_cortexa9_0/include -MMD -MP -MF"src/helloworld.d" -MT"src/helloworld.o" -o "src/helloworld.o" "../src/helloworld.c"
../src/helloworld.c: In function 'SpiPsSlavePolledExample':
../src/helloworld.c:170:6: warning: unused variable 'BufferPtr' [-Wunused-variable]
  u8 *BufferPtr;
      ^~~~~~~~~
'Finished building: ../src/helloworld.c'
' '
'Building target: test_spi_app_1.elf'
'Invoking: ARM v7 gcc linker'
arm-none-eabi-gcc -mcpu=cortex-a9 -mfpu=vfpv3 -mfloat-abi=hard -Wl,-build-id=none -specs=Xilinx.spec -Wl,-T -Wl,../src/lscript.ld -L../../test_spi_app_1_bsp/ps7_cortexa9_0/lib -o "test_spi_app_1.elf"  ./src/helloworld.o ./src/platform.o   -Wl,--start-group,-lxil,-lgcc,-lc,--end-group
'Finished building target: test_spi_app_1.elf'
' '
'Invoking: ARM v7 Print Size'
arm-none-eabi-size test_spi_app_1.elf  |tee "test_spi_app_1.elf.size"
   text	   data	    bss	    dec	    hex	filename
  27848	   1160	  22888	  51896	   cab8	test_spi_app_1.elf
'Finished building: test_spi_app_1.elf.size'
' '
11:30:59 **** Incremental Build of configuration Debug for project test_spi_app_1 ****
make pre-build main-build 
a9-linaro-pre-build-step
' '
make: Nothing to be done for `main-build'.
11:32:25 **** Incremental Build of configuration Debug for project test_spi_app_1 ****
make pre-build main-build 
a9-linaro-pre-build-step
' '
make: Nothing to be done for `main-build'.
11:33:28 **** Auto Build of configuration Debug for project test_spi_app_1 ****
make pre-build main-build 
a9-linaro-pre-build-step
' '
'Building file: ../src/helloworld.c'
'Invoking: ARM v7 gcc compiler'
arm-none-eabi-gcc -Wall -O0 -g3 -c -fmessage-length=0 -MT"src/helloworld.o" -mcpu=cortex-a9 -mfpu=vfpv3 -mfloat-abi=hard -I../../test_spi_app_1_bsp/ps7_cortexa9_0/include -MMD -MP -MF"src/helloworld.d" -MT"src/helloworld.o" -o "src/helloworld.o" "../src/helloworld.c"
../src/helloworld.c: In function 'SpiPsSlavePolledExample':
../src/helloworld.c:170:6: warning: unused variable 'BufferPtr' [-Wunused-variable]
  u8 *BufferPtr;
      ^~~~~~~~~
'Finished building: ../src/helloworld.c'
' '
'Building target: test_spi_app_1.elf'
'Invoking: ARM v7 gcc linker'
arm-none-eabi-gcc -mcpu=cortex-a9 -mfpu=vfpv3 -mfloat-abi=hard -Wl,-build-id=none -specs=Xilinx.spec -Wl,-T -Wl,../src/lscript.ld -L../../test_spi_app_1_bsp/ps7_cortexa9_0/lib -o "test_spi_app_1.elf"  ./src/helloworld.o ./src/platform.o   -Wl,--start-group,-lxil,-lgcc,-lc,--end-group
'Finished building target: test_spi_app_1.elf'
' '
'Invoking: ARM v7 Print Size'
arm-none-eabi-size test_spi_app_1.elf  |tee "test_spi_app_1.elf.size"
   text	   data	    bss	    dec	    hex	filename
  27848	   1160	  22760	  51768	   ca38	test_spi_app_1.elf
'Finished building: test_spi_app_1.elf.size'
' '
11:33:49 **** Incremental Build of configuration Debug for project test_spi_app_1 ****
make pre-build main-build 
a9-linaro-pre-build-step
' '
make: Nothing to be done for `main-build'.
11:34:12 **** Incremental Build of configuration Debug for project test_spi_app_1 ****
make pre-build main-build 
a9-linaro-pre-build-step
' '
make: Nothing to be done for `main-build'.
11:34:52 **** Auto Build of configuration Debug for project test_spi_app_1 ****
make pre-build main-build 
a9-linaro-pre-build-step
' '
'Building file: ../src/helloworld.c'
'Invoking: ARM v7 gcc compiler'
arm-none-eabi-gcc -Wall -O0 -g3 -c -fmessage-length=0 -MT"src/helloworld.o" -mcpu=cortex-a9 -mfpu=vfpv3 -mfloat-abi=hard -I../../test_spi_app_1_bsp/ps7_cortexa9_0/include -MMD -MP -MF"src/helloworld.d" -MT"src/helloworld.o" -o "src/helloworld.o" "../src/helloworld.c"
../src/helloworld.c: In function 'SpiPsSlavePolledExample':
../src/helloworld.c:170:6: warning: unused variable 'BufferPtr' [-Wunused-variable]
  u8 *BufferPtr;
      ^~~~~~~~~
'Finished building: ../src/helloworld.c'
' '
'Building target: test_spi_app_1.elf'
'Invoking: ARM v7 gcc linker'
arm-none-eabi-gcc -mcpu=cortex-a9 -mfpu=vfpv3 -mfloat-abi=hard -Wl,-build-id=none -specs=Xilinx.spec -Wl,-T -Wl,../src/lscript.ld -L../../test_spi_app_1_bsp/ps7_cortexa9_0/lib -o "test_spi_app_1.elf"  ./src/helloworld.o ./src/platform.o   -Wl,--start-group,-lxil,-lgcc,-lc,--end-group
'Finished building target: test_spi_app_1.elf'
' '
'Invoking: ARM v7 Print Size'
arm-none-eabi-size test_spi_app_1.elf  |tee "test_spi_app_1.elf.size"
   text	   data	    bss	    dec	    hex	filename
  27848	   1160	  22696	  51704	   c9f8	test_spi_app_1.elf
'Finished building: test_spi_app_1.elf.size'
' '
11:35:03 **** Incremental Build of configuration Debug for project test_spi_app_1 ****
make pre-build main-build 
a9-linaro-pre-build-step
' '
make: Nothing to be done for `main-build'.
11:35:17 **** Incremental Build of configuration Debug for project test_spi_app_1 ****
make pre-build main-build 
a9-linaro-pre-build-step
' '
make: Nothing to be done for `main-build'.
11:35:45 **** Incremental Build of configuration Debug for project test_spi_app_1 ****
make pre-build main-build 
a9-linaro-pre-build-step
' '
make: Nothing to be done for `main-build'.
11:36:56 **** Auto Build of configuration Debug for project test_spi_app_1 ****
make pre-build main-build 
a9-linaro-pre-build-step
' '
'Building file: ../src/helloworld.c'
'Invoking: ARM v7 gcc compiler'
arm-none-eabi-gcc -Wall -O0 -g3 -c -fmessage-length=0 -MT"src/helloworld.o" -mcpu=cortex-a9 -mfpu=vfpv3 -mfloat-abi=hard -I../../test_spi_app_1_bsp/ps7_cortexa9_0/include -MMD -MP -MF"src/helloworld.d" -MT"src/helloworld.o" -o "src/helloworld.o" "../src/helloworld.c"
../src/helloworld.c: In function 'SpiPsSlavePolledExample':
../src/helloworld.c:170:6: warning: unused variable 'BufferPtr' [-Wunused-variable]
  u8 *BufferPtr;
      ^~~~~~~~~
'Finished building: ../src/helloworld.c'
' '
'Building target: test_spi_app_1.elf'
'Invoking: ARM v7 gcc linker'
arm-none-eabi-gcc -mcpu=cortex-a9 -mfpu=vfpv3 -mfloat-abi=hard -Wl,-build-id=none -specs=Xilinx.spec -Wl,-T -Wl,../src/lscript.ld -L../../test_spi_app_1_bsp/ps7_cortexa9_0/lib -o "test_spi_app_1.elf"  ./src/helloworld.o ./src/platform.o   -Wl,--start-group,-lxil,-lgcc,-lc,--end-group
'Finished building target: test_spi_app_1.elf'
' '
'Invoking: ARM v7 Print Size'
arm-none-eabi-size test_spi_app_1.elf  |tee "test_spi_app_1.elf.size"
   text	   data	    bss	    dec	    hex	filename
  27848	   1160	  22696	  51704	   c9f8	test_spi_app_1.elf
'Finished building: test_spi_app_1.elf.size'
' '
11:38:13 **** Incremental Build of configuration Debug for project test_spi_app_1 ****
make pre-build main-build 
a9-linaro-pre-build-step
' '
make: Nothing to be done for `main-build'.
13:01:37 **** Auto Build of configuration Debug for project test_spi_app_1 ****
make pre-build main-build 
a9-linaro-pre-build-step
' '
'Building file: ../src/helloworld.c'
'Invoking: ARM v7 gcc compiler'
arm-none-eabi-gcc -Wall -O0 -g3 -c -fmessage-length=0 -MT"src/helloworld.o" -mcpu=cortex-a9 -mfpu=vfpv3 -mfloat-abi=hard -I../../test_spi_app_1_bsp/ps7_cortexa9_0/include -MMD -MP -MF"src/helloworld.d" -MT"src/helloworld.o" -o "src/helloworld.o" "../src/helloworld.c"
../src/helloworld.c: In function 'SpiPsSlavePolledExample':
../src/helloworld.c:170:6: warning: unused variable 'BufferPtr' [-Wunused-variable]
  u8 *BufferPtr;
      ^~~~~~~~~
'Finished building: ../src/helloworld.c'
' '
'Building target: test_spi_app_1.elf'
'Invoking: ARM v7 gcc linker'
arm-none-eabi-gcc -mcpu=cortex-a9 -mfpu=vfpv3 -mfloat-abi=hard -Wl,-build-id=none -specs=Xilinx.spec -Wl,-T -Wl,../src/lscript.ld -L../../test_spi_app_1_bsp/ps7_cortexa9_0/lib -o "test_spi_app_1.elf"  ./src/helloworld.o ./src/platform.o   -Wl,--start-group,-lxil,-lgcc,-lc,--end-group
'Finished building target: test_spi_app_1.elf'
' '
'Invoking: ARM v7 Print Size'
arm-none-eabi-size test_spi_app_1.elf  |tee "test_spi_app_1.elf.size"
   text	   data	    bss	    dec	    hex	filename
  27848	   1160	  22696	  51704	   c9f8	test_spi_app_1.elf
'Finished building: test_spi_app_1.elf.size'
' '
13:01:50 **** Auto Build of configuration Debug for project test_spi_app_1 ****
make pre-build main-build 
a9-linaro-pre-build-step
' '
'Building file: ../src/helloworld.c'
'Invoking: ARM v7 gcc compiler'
arm-none-eabi-gcc -Wall -O0 -g3 -c -fmessage-length=0 -MT"src/helloworld.o" -mcpu=cortex-a9 -mfpu=vfpv3 -mfloat-abi=hard -I../../test_spi_app_1_bsp/ps7_cortexa9_0/include -MMD -MP -MF"src/helloworld.d" -MT"src/helloworld.o" -o "src/helloworld.o" "../src/helloworld.c"
../src/helloworld.c: In function 'SpiPsSlavePolledExample':
../src/helloworld.c:170:6: warning: unused variable 'BufferPtr' [-Wunused-variable]
  u8 *BufferPtr;
      ^~~~~~~~~
'Finished building: ../src/helloworld.c'
' '
'Building target: test_spi_app_1.elf'
'Invoking: ARM v7 gcc linker'
arm-none-eabi-gcc -mcpu=cortex-a9 -mfpu=vfpv3 -mfloat-abi=hard -Wl,-build-id=none -specs=Xilinx.spec -Wl,-T -Wl,../src/lscript.ld -L../../test_spi_app_1_bsp/ps7_cortexa9_0/lib -o "test_spi_app_1.elf"  ./src/helloworld.o ./src/platform.o   -Wl,--start-group,-lxil,-lgcc,-lc,--end-group
'Finished building target: test_spi_app_1.elf'
' '
'Invoking: ARM v7 Print Size'
arm-none-eabi-size test_spi_app_1.elf  |tee "test_spi_app_1.elf.size"
   text	   data	    bss	    dec	    hex	filename
  27848	   1160	  22696	  51704	   c9f8	test_spi_app_1.elf
'Finished building: test_spi_app_1.elf.size'
' '
13:11:46 **** Incremental Build of configuration Debug for project test_spi_app_1 ****
make pre-build main-build 
a9-linaro-pre-build-step
' '
make: Nothing to be done for `main-build'.
13:12:06 **** Incremental Build of configuration Debug for project test_spi_app_1 ****
make pre-build main-build 
a9-linaro-pre-build-step
' '
make: Nothing to be done for `main-build'.
