20:04:01 **** Auto Build of configuration Debug for project test_spi_app_1 ****
make pre-build main-build 
a9-linaro-pre-build-step
' '
'Building file: ../src/helloworld.c'
'Invoking: ARM v7 gcc compiler'
arm-none-eabi-gcc -Wall -O0 -g3 -c -fmessage-length=0 -MT"src/helloworld.o" -mcpu=cortex-a9 -mfpu=vfpv3 -mfloat-abi=hard -I../../test_spi_app_1_bsp/ps7_cortexa9_0/include -MMD -MP -MF"src/helloworld.d" -MT"src/helloworld.o" -o "src/helloworld.o" "../src/helloworld.c"
../src/helloworld.c: In function 'SpiPsSlavePolledExample':
../src/helloworld.c:170:6: warning: unused variable 'BufferPtr' [-Wunused-variable]
  u8 *BufferPtr;
      ^~~~~~~~~
'Finished building: ../src/helloworld.c'
' '
'Building target: test_spi_app_1.elf'
'Invoking: ARM v7 gcc linker'
arm-none-eabi-gcc -mcpu=cortex-a9 -mfpu=vfpv3 -mfloat-abi=hard -Wl,-build-id=none -specs=Xilinx.spec -Wl,-T -Wl,../src/lscript.ld -L../../test_spi_app_1_bsp/ps7_cortexa9_0/lib -o "test_spi_app_1.elf"  ./src/helloworld.o ./src/platform.o   -Wl,--start-group,-lxil,-lgcc,-lc,--end-group
'Finished building target: test_spi_app_1.elf'
' '
'Invoking: ARM v7 Print Size'
arm-none-eabi-size test_spi_app_1.elf  |tee "test_spi_app_1.elf.size"
   text	   data	    bss	    dec	    hex	filename
  27848	   1160	  22696	  51704	   c9f8	test_spi_app_1.elf
'Finished building: test_spi_app_1.elf.size'
' '

20:04:11 Build Finished (took 9s.299ms)

