<html>
<body>
<pre>
<h1>µVision Build Log</h1>
<h2>Tool Versions:</h2>
IDE-Version: µVision V5.28.0.0
Copyright (C) 2019 ARM Ltd and ARM Germany GmbH. All rights reserved.
License Information: Min Liu, University of Zurich, LIC=----
 
Tool Versions:
Toolchain:       MDK-Lite  Version: 5.28.0.0
Toolchain Path:  D:\Keil_v5\ARM\ARMCC\Bin
C Compiler:      Armcc.exe V5.06 update 6 (build 750)
Assembler:       Armasm.exe V5.06 update 6 (build 750)
Linker/Locator:  ArmLink.exe V5.06 update 6 (build 750)
Library Manager: ArmAr.exe V5.06 update 6 (build 750)
Hex Converter:   FromElf.exe V5.06 update 6 (build 750)
CPU DLL:         SARMCM3.DLL V5.28.0.0
Dialog DLL:      DARMCM1.DLL V1.19.2.0
Target DLL:      Segger\JL2CM3.dll V2.99.36.0
Dialog DLL:      TARMCM1.DLL V1.14.1.0
 
<h2>Project:</h2>
E:\workspace\WecareBLEDevice\utilities\secondary_bootloader\secondary_bootloader.uvprojx
Project File Date:  03/17/2022

<h2>Output:</h2>
*** Using Compiler 'V5.06 update 6 (build 750)', folder: 'D:\Keil_v5\ARM\ARMCC\Bin'
Build target 'DA14531'
assembling startup_DA14531.s...
compiling nmi_handler.c...
compiling system_DA14531.c...
compiling hardfault_handler.c...
compiling bootloader.c...
compiling gpio.c...
compiling crc32.c...
compiling spi_flash.c...
compiling i2c_eeprom.c...
compiling decrypt.c...
compiling sw_aes.c...
compiling uart_booter.c...
compiling main.c...
compiling dma.c...
compiling i2c.c...
compiling uart.c...
compiling spi_531.c...
compiling systick.c...
compiling syscntl.c...
compiling hw_otpc_531.c...
compiling adc_531.c...
compiling otp_cs.c...
compiling user_periph_setup.c...
compiling arch_system.c...
linking...
Program Size: Code=6876 RO-data=2012 RW-data=12 ZI-data=2332  
FromELF: creating hex file...
After Build - User command #1: fromelf --bincombined --output=".\bin\secondary_bootloader_531.bin"  ".\out_DA14531\Objects\secondary_bootloader_531.axf"
".\out_DA14531\Objects\secondary_bootloader_531.axf" - 0 Error(s), 0 Warning(s).

<h2>Software Packages used:</h2>

Package Vendor: ARM
                http://www.keil.com/pack/ARM.CMSIS.5.8.0.pack
                ARM.CMSIS.5.8.0
                CMSIS (Common Microcontroller Software Interface Standard)

<h2>Collection of Component include folders:</h2>
  .\RTE\_DA14531
  E:\minliu\AppData\Local\Arm\Packs\ARM\CMSIS\5.8.0\Device\ARM\ARMCM0plus\Include

<h2>Collection of Component Files used:</h2>
Build Time Elapsed:  00:00:02
</pre>
</body>
</html>
